<h1 id="fire-emoji">🔥 Emoji!</h1>
<p>👩‍💻
🕹
⚡️
🔗
💘</p>
