<!DOCTYPE html>
<html>
<head>
	<meta charset="UTF-8">
	<meta name="viewport" content="width=device-width, initial-scale=1.0">
	<meta http-equiv="X-UA-Compatible" content="ie=edge">
	<title>404: /Users/macdonalda/repos/markserv/beep/boop/bwwwaaaaahhhggg</title>
	<meta charset="utf-8">
	<link rel="stylesheet" href="{markserv}templates/markserv.css">
	<link rel="stylesheet" href="{markserv}templates/highlight-js-github-gist.css">
	<link rel="stylesheet" href="{markserv}icons/icons.css">
</head>
<body class="dir">
<article class="markdown-body">
<h1>â›” Error 404</h1>
<p class="errorMsg">ENOENT: no such file or directory, stat &#x27;/Users/macdonalda/repos/markserv/beep/boop/bwwwaaaaahhhggg&#x27;</p>
<p><pre>Error: ENOENT: no such file or directory, stat &#x27;/Users/macdonalda/repos/markserv/beep/boop/bwwwaaaaahhhggg&#x27;
    at Object.fs.statSync (fs.js:914:3)
    at /Users/macdonalda/repos/markserv/lib/server.js:438:14
    at call (/Users/macdonalda/repos/markserv/node_modules/connect/index.js:239:7)
    at next (/Users/macdonalda/repos/markserv/node_modules/connect/index.js:183:5)
    at Function.handle (/Users/macdonalda/repos/markserv/node_modules/connect/index.js:186:3)
    at Server.app (/Users/macdonalda/repos/markserv/node_modules/connect/index.js:51:37)
    at Server.emit (events.js:182:13)
    at parserOnIncoming (_http_server.js:651:12)
    at HTTPParser.parserOnHeadersComplete (_http_common.js:109:17)</pre></p>
<p><a class="button back" href="/beep/boop/">Go Back</a></p>
<footer><sup><hr> Served by <a href="https://www.npmjs.com/package/markserv">MarkServ</a> | PID: 59643</sup></footer>
</article>
</body>
</html>