<style>
{less: implant-less.implanted-fixture.less}
</style>

<h1>Implant LESS</h1>