<style>
body {
  background: #0F0;
}

</style>

<h1>Implant LESS</h1>