<h1 id="implant-file">Implant File</h1>
<p>YOU TOO SHALL PASS</p>