<p>🏁 serve markdown as html (GitHub style), index directories, and live-reload as you edit</p>